v10_stage,branch,frozen_main,stage,before_split,revision,0,vertex_count,8,edge_count,18,face_count,12,euler,2,all_edges_manifold,true,area,13.211102550927977,volume,3,centroid_x,8.403712107640645e-18,centroid_y,-1.5,centroid_z,-0.50000000000000011,minimum_face_area,0.90138781886599728,minimum_quality,0.67047128034924286,minimum_orientation_alignment,1,axis_length,0.92904520880310226,active_energy,0.010789062500000019
v10_vertex,branch,frozen_main,stage,before_split,local_id,0,persistent_id,0,x,0,y,0,z,0
v10_vertex,branch,frozen_main,stage,before_split,local_id,1,persistent_id,1,x,0,y,-3,z,0
v10_vertex,branch,frozen_main,stage,before_split,local_id,2,persistent_id,2,x,-1,y,-1.5,z,0
v10_vertex,branch,frozen_main,stage,before_split,local_id,3,persistent_id,3,x,1,y,-1.5,z,0
v10_vertex,branch,frozen_main,stage,before_split,local_id,4,persistent_id,4,x,0,y,0,z,-1
v10_vertex,branch,frozen_main,stage,before_split,local_id,5,persistent_id,5,x,0,y,-3,z,-1
v10_vertex,branch,frozen_main,stage,before_split,local_id,6,persistent_id,6,x,-1,y,-1.5,z,-1
v10_vertex,branch,frozen_main,stage,before_split,local_id,7,persistent_id,7,x,1,y,-1.5,z,-1
v10_face,branch,frozen_main,stage,before_split,local_face_id,0,local_0,0,local_1,2,local_2,1,persistent_0,0,persistent_1,2,persistent_2,1
v10_face,branch,frozen_main,stage,before_split,local_face_id,1,local_0,3,local_1,0,local_2,1,persistent_0,3,persistent_1,0,persistent_2,1
v10_face,branch,frozen_main,stage,before_split,local_face_id,2,local_0,2,local_1,0,local_2,4,persistent_0,2,persistent_1,0,persistent_2,4
v10_face,branch,frozen_main,stage,before_split,local_face_id,3,local_0,2,local_1,4,local_2,6,persistent_0,2,persistent_1,4,persistent_2,6
v10_face,branch,frozen_main,stage,before_split,local_face_id,4,local_0,5,local_1,2,local_2,6,persistent_0,5,persistent_1,2,persistent_2,6
v10_face,branch,frozen_main,stage,before_split,local_face_id,5,local_0,2,local_1,5,local_2,1,persistent_0,2,persistent_1,5,persistent_2,1
v10_face,branch,frozen_main,stage,before_split,local_face_id,6,local_0,7,local_1,0,local_2,3,persistent_0,7,persistent_1,0,persistent_2,3
v10_face,branch,frozen_main,stage,before_split,local_face_id,7,local_0,0,local_1,7,local_2,4,persistent_0,0,persistent_1,7,persistent_2,4
v10_face,branch,frozen_main,stage,before_split,local_face_id,8,local_0,5,local_1,3,local_2,1,persistent_0,5,persistent_1,3,persistent_2,1
v10_face,branch,frozen_main,stage,before_split,local_face_id,9,local_0,3,local_1,5,local_2,7,persistent_0,3,persistent_1,5,persistent_2,7
v10_face,branch,frozen_main,stage,before_split,local_face_id,10,local_0,6,local_1,4,local_2,5,persistent_0,6,persistent_1,4,persistent_2,5
v10_face,branch,frozen_main,stage,before_split,local_face_id,11,local_0,4,local_1,7,local_2,5,persistent_0,4,persistent_1,7,persistent_2,5
v10_edge,branch,frozen_main,stage,before_split,edge_index,0,local_0,0,local_1,1,persistent_0,0,persistent_1,1,face_0,0,face_1,1,manifold,true
v10_edge,branch,frozen_main,stage,before_split,edge_index,1,local_0,0,local_1,2,persistent_0,0,persistent_1,2,face_0,0,face_1,2,manifold,true
v10_edge,branch,frozen_main,stage,before_split,edge_index,2,local_0,1,local_1,2,persistent_0,1,persistent_1,2,face_0,0,face_1,5,manifold,true
v10_edge,branch,frozen_main,stage,before_split,edge_index,3,local_0,0,local_1,3,persistent_0,0,persistent_1,3,face_0,1,face_1,6,manifold,true
v10_edge,branch,frozen_main,stage,before_split,edge_index,4,local_0,1,local_1,3,persistent_0,1,persistent_1,3,face_0,1,face_1,8,manifold,true
v10_edge,branch,frozen_main,stage,before_split,edge_index,5,local_0,0,local_1,4,persistent_0,0,persistent_1,4,face_0,2,face_1,7,manifold,true
v10_edge,branch,frozen_main,stage,before_split,edge_index,6,local_0,2,local_1,4,persistent_0,2,persistent_1,4,face_0,2,face_1,3,manifold,true
v10_edge,branch,frozen_main,stage,before_split,edge_index,7,local_0,1,local_1,5,persistent_0,1,persistent_1,5,face_0,5,face_1,8,manifold,true
v10_edge,branch,frozen_main,stage,before_split,edge_index,8,local_0,2,local_1,5,persistent_0,2,persistent_1,5,face_0,4,face_1,5,manifold,true
v10_edge,branch,frozen_main,stage,before_split,edge_index,9,local_0,0,local_1,7,persistent_0,0,persistent_1,7,face_0,6,face_1,7,manifold,true
v10_edge,branch,frozen_main,stage,before_split,edge_index,10,local_0,3,local_1,5,persistent_0,3,persistent_1,5,face_0,8,face_1,9,manifold,true
v10_edge,branch,frozen_main,stage,before_split,edge_index,11,local_0,2,local_1,6,persistent_0,2,persistent_1,6,face_0,3,face_1,4,manifold,true
v10_edge,branch,frozen_main,stage,before_split,edge_index,12,local_0,4,local_1,5,persistent_0,4,persistent_1,5,face_0,10,face_1,11,manifold,true
v10_edge,branch,frozen_main,stage,before_split,edge_index,13,local_0,4,local_1,6,persistent_0,4,persistent_1,6,face_0,3,face_1,10,manifold,true
v10_edge,branch,frozen_main,stage,before_split,edge_index,14,local_0,3,local_1,7,persistent_0,3,persistent_1,7,face_0,6,face_1,9,manifold,true
v10_edge,branch,frozen_main,stage,before_split,edge_index,15,local_0,5,local_1,6,persistent_0,5,persistent_1,6,face_0,4,face_1,10,manifold,true
v10_edge,branch,frozen_main,stage,before_split,edge_index,16,local_0,4,local_1,7,persistent_0,4,persistent_1,7,face_0,7,face_1,11,manifold,true
v10_edge,branch,frozen_main,stage,before_split,edge_index,17,local_0,5,local_1,7,persistent_0,5,persistent_1,7,face_0,9,face_1,11,manifold,true
v10_material,branch,frozen_main,stage,before_split,material_point_id,101,host_0,0,host_1,1,host_2,2,barycentric_0,0.20000000000000001,barycentric_1,0.29999999999999999,barycentric_2,0.5,fiber_x,1,fiber_y,0,fiber_z,0
v10_material,branch,frozen_main,stage,before_split,material_point_id,205,host_0,0,host_1,1,host_2,3,barycentric_0,0.40000000000000002,barycentric_1,0.25,barycentric_2,0.34999999999999998,fiber_x,1,fiber_y,0,fiber_z,0
v10_event,branch,frozen_main,action_id,split_original_0_1,parent_action_id,root,operation,edge_split,input_local_0,0,input_local_1,1,before_revision,0,after_revision,1,new_local_id,8,new_persistent_id,8,minimum_fiber_alignment,1,maximum_rebind_error,1.1102230246251565e-16
v10_split_gate,split_local,8,split_persistent,8,analytic_midpoint_x,0,analytic_midpoint_y,-1.5,analytic_midpoint_z,0,machine_midpoint_x,0,machine_midpoint_y,-1.5,machine_midpoint_z,0,midpoint_residual,0,original_vertex_position_residual,0,area_jump,0,volume_jump,0,centroid_jump,2.9134042681147884e-17,axis_jump,1.1950150693478818e-16,active_energy_jump,4.8235612945336187e-15,passed,true
v10_stage,branch,frozen_main,stage,after_split,revision,1,vertex_count,9,edge_count,21,face_count,14,euler,2,all_edges_manifold,true,area,13.211102550927977,volume,3,centroid_x,-3.361484843056258e-17,centroid_y,-1.5,centroid_z,-0.50000000000000011,minimum_face_area,0.75,minimum_quality,0.67047128034924286,minimum_orientation_alignment,1,axis_length,0.92904520880310237,active_energy,0.010789062500000071
v10_vertex,branch,frozen_main,stage,after_split,local_id,0,persistent_id,0,x,0,y,0,z,0
v10_vertex,branch,frozen_main,stage,after_split,local_id,1,persistent_id,1,x,0,y,-3,z,0
v10_vertex,branch,frozen_main,stage,after_split,local_id,2,persistent_id,2,x,-1,y,-1.5,z,0
v10_vertex,branch,frozen_main,stage,after_split,local_id,3,persistent_id,3,x,1,y,-1.5,z,0
v10_vertex,branch,frozen_main,stage,after_split,local_id,4,persistent_id,4,x,0,y,0,z,-1
v10_vertex,branch,frozen_main,stage,after_split,local_id,5,persistent_id,5,x,0,y,-3,z,-1
v10_vertex,branch,frozen_main,stage,after_split,local_id,6,persistent_id,6,x,-1,y,-1.5,z,-1
v10_vertex,branch,frozen_main,stage,after_split,local_id,7,persistent_id,7,x,1,y,-1.5,z,-1
v10_vertex,branch,frozen_main,stage,after_split,local_id,8,persistent_id,8,x,0,y,-1.5,z,0
v10_face,branch,frozen_main,stage,after_split,local_face_id,0,local_0,2,local_1,1,local_2,8,persistent_0,2,persistent_1,1,persistent_2,8
v10_face,branch,frozen_main,stage,after_split,local_face_id,1,local_0,2,local_1,8,local_2,0,persistent_0,2,persistent_1,8,persistent_2,0
v10_face,branch,frozen_main,stage,after_split,local_face_id,2,local_0,2,local_1,0,local_2,4,persistent_0,2,persistent_1,0,persistent_2,4
v10_face,branch,frozen_main,stage,after_split,local_face_id,3,local_0,2,local_1,4,local_2,6,persistent_0,2,persistent_1,4,persistent_2,6
v10_face,branch,frozen_main,stage,after_split,local_face_id,4,local_0,5,local_1,2,local_2,6,persistent_0,5,persistent_1,2,persistent_2,6
v10_face,branch,frozen_main,stage,after_split,local_face_id,5,local_0,2,local_1,5,local_2,1,persistent_0,2,persistent_1,5,persistent_2,1
v10_face,branch,frozen_main,stage,after_split,local_face_id,6,local_0,7,local_1,0,local_2,3,persistent_0,7,persistent_1,0,persistent_2,3
v10_face,branch,frozen_main,stage,after_split,local_face_id,7,local_0,0,local_1,7,local_2,4,persistent_0,0,persistent_1,7,persistent_2,4
v10_face,branch,frozen_main,stage,after_split,local_face_id,8,local_0,5,local_1,3,local_2,1,persistent_0,5,persistent_1,3,persistent_2,1
v10_face,branch,frozen_main,stage,after_split,local_face_id,9,local_0,3,local_1,5,local_2,7,persistent_0,3,persistent_1,5,persistent_2,7
v10_face,branch,frozen_main,stage,after_split,local_face_id,10,local_0,6,local_1,4,local_2,5,persistent_0,6,persistent_1,4,persistent_2,5
v10_face,branch,frozen_main,stage,after_split,local_face_id,11,local_0,4,local_1,7,local_2,5,persistent_0,4,persistent_1,7,persistent_2,5
v10_face,branch,frozen_main,stage,after_split,local_face_id,12,local_0,3,local_1,0,local_2,8,persistent_0,3,persistent_1,0,persistent_2,8
v10_face,branch,frozen_main,stage,after_split,local_face_id,13,local_0,3,local_1,8,local_2,1,persistent_0,3,persistent_1,8,persistent_2,1
v10_edge,branch,frozen_main,stage,after_split,edge_index,0,local_0,0,local_1,2,persistent_0,0,persistent_1,2,face_0,2,face_1,1,manifold,true
v10_edge,branch,frozen_main,stage,after_split,edge_index,1,local_0,1,local_1,2,persistent_0,1,persistent_1,2,face_0,5,face_1,0,manifold,true
v10_edge,branch,frozen_main,stage,after_split,edge_index,2,local_0,0,local_1,3,persistent_0,0,persistent_1,3,face_0,6,face_1,12,manifold,true
v10_edge,branch,frozen_main,stage,after_split,edge_index,3,local_0,1,local_1,3,persistent_0,1,persistent_1,3,face_0,8,face_1,13,manifold,true
v10_edge,branch,frozen_main,stage,after_split,edge_index,4,local_0,0,local_1,4,persistent_0,0,persistent_1,4,face_0,2,face_1,7,manifold,true
v10_edge,branch,frozen_main,stage,after_split,edge_index,5,local_0,2,local_1,4,persistent_0,2,persistent_1,4,face_0,2,face_1,3,manifold,true
v10_edge,branch,frozen_main,stage,after_split,edge_index,6,local_0,1,local_1,5,persistent_0,1,persistent_1,5,face_0,5,face_1,8,manifold,true
v10_edge,branch,frozen_main,stage,after_split,edge_index,7,local_0,2,local_1,5,persistent_0,2,persistent_1,5,face_0,4,face_1,5,manifold,true
v10_edge,branch,frozen_main,stage,after_split,edge_index,8,local_0,0,local_1,7,persistent_0,0,persistent_1,7,face_0,6,face_1,7,manifold,true
v10_edge,branch,frozen_main,stage,after_split,edge_index,9,local_0,3,local_1,5,persistent_0,3,persistent_1,5,face_0,8,face_1,9,manifold,true
v10_edge,branch,frozen_main,stage,after_split,edge_index,10,local_0,2,local_1,6,persistent_0,2,persistent_1,6,face_0,3,face_1,4,manifold,true
v10_edge,branch,frozen_main,stage,after_split,edge_index,11,local_0,0,local_1,8,persistent_0,0,persistent_1,8,face_0,1,face_1,12,manifold,true
v10_edge,branch,frozen_main,stage,after_split,edge_index,12,local_0,4,local_1,5,persistent_0,4,persistent_1,5,face_0,10,face_1,11,manifold,true
v10_edge,branch,frozen_main,stage,after_split,edge_index,13,local_0,1,local_1,8,persistent_0,1,persistent_1,8,face_0,0,face_1,13,manifold,true
v10_edge,branch,frozen_main,stage,after_split,edge_index,14,local_0,4,local_1,6,persistent_0,4,persistent_1,6,face_0,3,face_1,10,manifold,true
v10_edge,branch,frozen_main,stage,after_split,edge_index,15,local_0,3,local_1,7,persistent_0,3,persistent_1,7,face_0,6,face_1,9,manifold,true
v10_edge,branch,frozen_main,stage,after_split,edge_index,16,local_0,2,local_1,8,persistent_0,2,persistent_1,8,face_0,1,face_1,0,manifold,true
v10_edge,branch,frozen_main,stage,after_split,edge_index,17,local_0,5,local_1,6,persistent_0,5,persistent_1,6,face_0,4,face_1,10,manifold,true
v10_edge,branch,frozen_main,stage,after_split,edge_index,18,local_0,4,local_1,7,persistent_0,4,persistent_1,7,face_0,7,face_1,11,manifold,true
v10_edge,branch,frozen_main,stage,after_split,edge_index,19,local_0,3,local_1,8,persistent_0,3,persistent_1,8,face_0,12,face_1,13,manifold,true
v10_edge,branch,frozen_main,stage,after_split,edge_index,20,local_0,5,local_1,7,persistent_0,5,persistent_1,7,face_0,9,face_1,11,manifold,true
v10_material,branch,frozen_main,stage,after_split,material_point_id,101,host_0,2,host_1,1,host_2,8,barycentric_0,0.49999999999999994,barycentric_1,0.099999999999999936,barycentric_2,0.40000000000000008,fiber_x,1,fiber_y,0,fiber_z,0
v10_material,branch,frozen_main,stage,after_split,material_point_id,205,host_0,3,host_1,0,host_2,8,barycentric_0,0.35000000000000009,barycentric_1,0.15000000000000005,barycentric_2,0.49999999999999989,fiber_x,1,fiber_y,0,fiber_z,0
v10_stage,branch,frozen_main,stage,before_merge_frozen,revision,1,vertex_count,9,edge_count,21,face_count,14,euler,2,all_edges_manifold,true,area,13.211102550927977,volume,3,centroid_x,-3.361484843056258e-17,centroid_y,-1.5,centroid_z,-0.50000000000000011,minimum_face_area,0.75,minimum_quality,0.67047128034924286,minimum_orientation_alignment,1,axis_length,0.92904520880310237,active_energy,0.010789062500000071
v10_vertex,branch,frozen_main,stage,before_merge_frozen,local_id,0,persistent_id,0,x,0,y,0,z,0
v10_vertex,branch,frozen_main,stage,before_merge_frozen,local_id,1,persistent_id,1,x,0,y,-3,z,0
v10_vertex,branch,frozen_main,stage,before_merge_frozen,local_id,2,persistent_id,2,x,-1,y,-1.5,z,0
v10_vertex,branch,frozen_main,stage,before_merge_frozen,local_id,3,persistent_id,3,x,1,y,-1.5,z,0
v10_vertex,branch,frozen_main,stage,before_merge_frozen,local_id,4,persistent_id,4,x,0,y,0,z,-1
v10_vertex,branch,frozen_main,stage,before_merge_frozen,local_id,5,persistent_id,5,x,0,y,-3,z,-1
v10_vertex,branch,frozen_main,stage,before_merge_frozen,local_id,6,persistent_id,6,x,-1,y,-1.5,z,-1
v10_vertex,branch,frozen_main,stage,before_merge_frozen,local_id,7,persistent_id,7,x,1,y,-1.5,z,-1
v10_vertex,branch,frozen_main,stage,before_merge_frozen,local_id,8,persistent_id,8,x,0,y,-1.5,z,0
v10_face,branch,frozen_main,stage,before_merge_frozen,local_face_id,0,local_0,2,local_1,1,local_2,8,persistent_0,2,persistent_1,1,persistent_2,8
v10_face,branch,frozen_main,stage,before_merge_frozen,local_face_id,1,local_0,2,local_1,8,local_2,0,persistent_0,2,persistent_1,8,persistent_2,0
v10_face,branch,frozen_main,stage,before_merge_frozen,local_face_id,2,local_0,2,local_1,0,local_2,4,persistent_0,2,persistent_1,0,persistent_2,4
v10_face,branch,frozen_main,stage,before_merge_frozen,local_face_id,3,local_0,2,local_1,4,local_2,6,persistent_0,2,persistent_1,4,persistent_2,6
v10_face,branch,frozen_main,stage,before_merge_frozen,local_face_id,4,local_0,5,local_1,2,local_2,6,persistent_0,5,persistent_1,2,persistent_2,6
v10_face,branch,frozen_main,stage,before_merge_frozen,local_face_id,5,local_0,2,local_1,5,local_2,1,persistent_0,2,persistent_1,5,persistent_2,1
v10_face,branch,frozen_main,stage,before_merge_frozen,local_face_id,6,local_0,7,local_1,0,local_2,3,persistent_0,7,persistent_1,0,persistent_2,3
v10_face,branch,frozen_main,stage,before_merge_frozen,local_face_id,7,local_0,0,local_1,7,local_2,4,persistent_0,0,persistent_1,7,persistent_2,4
v10_face,branch,frozen_main,stage,before_merge_frozen,local_face_id,8,local_0,5,local_1,3,local_2,1,persistent_0,5,persistent_1,3,persistent_2,1
v10_face,branch,frozen_main,stage,before_merge_frozen,local_face_id,9,local_0,3,local_1,5,local_2,7,persistent_0,3,persistent_1,5,persistent_2,7
v10_face,branch,frozen_main,stage,before_merge_frozen,local_face_id,10,local_0,6,local_1,4,local_2,5,persistent_0,6,persistent_1,4,persistent_2,5
v10_face,branch,frozen_main,stage,before_merge_frozen,local_face_id,11,local_0,4,local_1,7,local_2,5,persistent_0,4,persistent_1,7,persistent_2,5
v10_face,branch,frozen_main,stage,before_merge_frozen,local_face_id,12,local_0,3,local_1,0,local_2,8,persistent_0,3,persistent_1,0,persistent_2,8
v10_face,branch,frozen_main,stage,before_merge_frozen,local_face_id,13,local_0,3,local_1,8,local_2,1,persistent_0,3,persistent_1,8,persistent_2,1
v10_edge,branch,frozen_main,stage,before_merge_frozen,edge_index,0,local_0,0,local_1,2,persistent_0,0,persistent_1,2,face_0,2,face_1,1,manifold,true
v10_edge,branch,frozen_main,stage,before_merge_frozen,edge_index,1,local_0,1,local_1,2,persistent_0,1,persistent_1,2,face_0,5,face_1,0,manifold,true
v10_edge,branch,frozen_main,stage,before_merge_frozen,edge_index,2,local_0,0,local_1,3,persistent_0,0,persistent_1,3,face_0,6,face_1,12,manifold,true
v10_edge,branch,frozen_main,stage,before_merge_frozen,edge_index,3,local_0,1,local_1,3,persistent_0,1,persistent_1,3,face_0,8,face_1,13,manifold,true
v10_edge,branch,frozen_main,stage,before_merge_frozen,edge_index,4,local_0,0,local_1,4,persistent_0,0,persistent_1,4,face_0,2,face_1,7,manifold,true
v10_edge,branch,frozen_main,stage,before_merge_frozen,edge_index,5,local_0,2,local_1,4,persistent_0,2,persistent_1,4,face_0,2,face_1,3,manifold,true
v10_edge,branch,frozen_main,stage,before_merge_frozen,edge_index,6,local_0,1,local_1,5,persistent_0,1,persistent_1,5,face_0,5,face_1,8,manifold,true
v10_edge,branch,frozen_main,stage,before_merge_frozen,edge_index,7,local_0,2,local_1,5,persistent_0,2,persistent_1,5,face_0,4,face_1,5,manifold,true
v10_edge,branch,frozen_main,stage,before_merge_frozen,edge_index,8,local_0,0,local_1,7,persistent_0,0,persistent_1,7,face_0,6,face_1,7,manifold,true
v10_edge,branch,frozen_main,stage,before_merge_frozen,edge_index,9,local_0,3,local_1,5,persistent_0,3,persistent_1,5,face_0,8,face_1,9,manifold,true
v10_edge,branch,frozen_main,stage,before_merge_frozen,edge_index,10,local_0,2,local_1,6,persistent_0,2,persistent_1,6,face_0,3,face_1,4,manifold,true
v10_edge,branch,frozen_main,stage,before_merge_frozen,edge_index,11,local_0,0,local_1,8,persistent_0,0,persistent_1,8,face_0,1,face_1,12,manifold,true
v10_edge,branch,frozen_main,stage,before_merge_frozen,edge_index,12,local_0,4,local_1,5,persistent_0,4,persistent_1,5,face_0,10,face_1,11,manifold,true
v10_edge,branch,frozen_main,stage,before_merge_frozen,edge_index,13,local_0,1,local_1,8,persistent_0,1,persistent_1,8,face_0,0,face_1,13,manifold,true
v10_edge,branch,frozen_main,stage,before_merge_frozen,edge_index,14,local_0,4,local_1,6,persistent_0,4,persistent_1,6,face_0,3,face_1,10,manifold,true
v10_edge,branch,frozen_main,stage,before_merge_frozen,edge_index,15,local_0,3,local_1,7,persistent_0,3,persistent_1,7,face_0,6,face_1,9,manifold,true
v10_edge,branch,frozen_main,stage,before_merge_frozen,edge_index,16,local_0,2,local_1,8,persistent_0,2,persistent_1,8,face_0,1,face_1,0,manifold,true
v10_edge,branch,frozen_main,stage,before_merge_frozen,edge_index,17,local_0,5,local_1,6,persistent_0,5,persistent_1,6,face_0,4,face_1,10,manifold,true
v10_edge,branch,frozen_main,stage,before_merge_frozen,edge_index,18,local_0,4,local_1,7,persistent_0,4,persistent_1,7,face_0,7,face_1,11,manifold,true
v10_edge,branch,frozen_main,stage,before_merge_frozen,edge_index,19,local_0,3,local_1,8,persistent_0,3,persistent_1,8,face_0,12,face_1,13,manifold,true
v10_edge,branch,frozen_main,stage,before_merge_frozen,edge_index,20,local_0,5,local_1,7,persistent_0,5,persistent_1,7,face_0,9,face_1,11,manifold,true
v10_material,branch,frozen_main,stage,before_merge_frozen,material_point_id,101,host_0,2,host_1,1,host_2,8,barycentric_0,0.49999999999999994,barycentric_1,0.099999999999999936,barycentric_2,0.40000000000000008,fiber_x,1,fiber_y,0,fiber_z,0
v10_material,branch,frozen_main,stage,before_merge_frozen,material_point_id,205,host_0,3,host_1,0,host_2,8,barycentric_0,0.35000000000000009,barycentric_1,0.15000000000000005,barycentric_2,0.49999999999999989,fiber_x,1,fiber_y,0,fiber_z,0
v10_frozen_merge,local_0,0,local_1,8,persistent_0,0,split_persistent,8,deleted_persistent_0,0,deleted_persistent_1,8,created_persistent,9,analytic_x,0,analytic_y,-0.75,analytic_z,0,machine_x,0,machine_y,-0.75,machine_z,0,analytic_residual,0,distance_from_x0_over_original_edge,0.25,centroid_jump,0.083736358374574119,area_jump,0.085080957923155662,volume_jump,0.125,axis_jump,1.1950150693478818e-16,active_energy_jump,4.8235612945336187e-15,minimum_fiber_alignment,1,maximum_rebind_error,5.5511151231257827e-17,passed_analytic,true
v10_event,branch,frozen_main,action_id,merge_frozen_0_m,parent_action_id,split_original_0_1,operation,edge_merge,input_local_0,0,input_local_1,8,before_revision,1,after_revision,2,created_persistent_id,9
v10_stage,branch,frozen_main,stage,after_merge_frozen,revision,2,vertex_count,8,edge_count,18,face_count,12,euler,2,all_edges_manifold,true,area,12.08708929067398,volume,2.625,centroid_x,-0.0084212007196509328,centroid_y,-1.6142423015748237,centroid_z,-0.53824742217079025,minimum_face_area,0.625,minimum_quality,0.67047128034924286,minimum_orientation_alignment,0.80860754006263991,axis_length,0.92904520880310226,active_energy,0.010789062500000019
v10_vertex,branch,frozen_main,stage,after_merge_frozen,local_id,1,persistent_id,1,x,0,y,-3,z,0
v10_vertex,branch,frozen_main,stage,after_merge_frozen,local_id,2,persistent_id,2,x,-1,y,-1.5,z,0
v10_vertex,branch,frozen_main,stage,after_merge_frozen,local_id,3,persistent_id,3,x,1,y,-1.5,z,0
v10_vertex,branch,frozen_main,stage,after_merge_frozen,local_id,4,persistent_id,4,x,0,y,0,z,-1
v10_vertex,branch,frozen_main,stage,after_merge_frozen,local_id,5,persistent_id,5,x,0,y,-3,z,-1
v10_vertex,branch,frozen_main,stage,after_merge_frozen,local_id,6,persistent_id,6,x,-1,y,-1.5,z,-1
v10_vertex,branch,frozen_main,stage,after_merge_frozen,local_id,7,persistent_id,7,x,1,y,-1.5,z,-1
v10_vertex,branch,frozen_main,stage,after_merge_frozen,local_id,9,persistent_id,9,x,0,y,-0.75,z,0
v10_face,branch,frozen_main,stage,after_merge_frozen,local_face_id,0,local_0,2,local_1,1,local_2,9,persistent_0,2,persistent_1,1,persistent_2,9
v10_face,branch,frozen_main,stage,after_merge_frozen,local_face_id,2,local_0,2,local_1,9,local_2,4,persistent_0,2,persistent_1,9,persistent_2,4
v10_face,branch,frozen_main,stage,after_merge_frozen,local_face_id,3,local_0,2,local_1,4,local_2,6,persistent_0,2,persistent_1,4,persistent_2,6
v10_face,branch,frozen_main,stage,after_merge_frozen,local_face_id,4,local_0,5,local_1,2,local_2,6,persistent_0,5,persistent_1,2,persistent_2,6
v10_face,branch,frozen_main,stage,after_merge_frozen,local_face_id,5,local_0,2,local_1,5,local_2,1,persistent_0,2,persistent_1,5,persistent_2,1
v10_face,branch,frozen_main,stage,after_merge_frozen,local_face_id,6,local_0,7,local_1,9,local_2,3,persistent_0,7,persistent_1,9,persistent_2,3
v10_face,branch,frozen_main,stage,after_merge_frozen,local_face_id,7,local_0,9,local_1,7,local_2,4,persistent_0,9,persistent_1,7,persistent_2,4
v10_face,branch,frozen_main,stage,after_merge_frozen,local_face_id,8,local_0,5,local_1,3,local_2,1,persistent_0,5,persistent_1,3,persistent_2,1
v10_face,branch,frozen_main,stage,after_merge_frozen,local_face_id,9,local_0,3,local_1,5,local_2,7,persistent_0,3,persistent_1,5,persistent_2,7
v10_face,branch,frozen_main,stage,after_merge_frozen,local_face_id,10,local_0,6,local_1,4,local_2,5,persistent_0,6,persistent_1,4,persistent_2,5
v10_face,branch,frozen_main,stage,after_merge_frozen,local_face_id,11,local_0,4,local_1,7,local_2,5,persistent_0,4,persistent_1,7,persistent_2,5
v10_face,branch,frozen_main,stage,after_merge_frozen,local_face_id,13,local_0,3,local_1,9,local_2,1,persistent_0,3,persistent_1,9,persistent_2,1
v10_edge,branch,frozen_main,stage,after_merge_frozen,edge_index,0,local_0,1,local_1,2,persistent_0,1,persistent_1,2,face_0,5,face_1,0,manifold,true
v10_edge,branch,frozen_main,stage,after_merge_frozen,edge_index,1,local_0,1,local_1,3,persistent_0,1,persistent_1,3,face_0,8,face_1,13,manifold,true
v10_edge,branch,frozen_main,stage,after_merge_frozen,edge_index,2,local_0,2,local_1,4,persistent_0,2,persistent_1,4,face_0,2,face_1,3,manifold,true
v10_edge,branch,frozen_main,stage,after_merge_frozen,edge_index,3,local_0,1,local_1,5,persistent_0,1,persistent_1,5,face_0,5,face_1,8,manifold,true
v10_edge,branch,frozen_main,stage,after_merge_frozen,edge_index,4,local_0,2,local_1,5,persistent_0,2,persistent_1,5,face_0,4,face_1,5,manifold,true
v10_edge,branch,frozen_main,stage,after_merge_frozen,edge_index,5,local_0,3,local_1,5,persistent_0,3,persistent_1,5,face_0,8,face_1,9,manifold,true
v10_edge,branch,frozen_main,stage,after_merge_frozen,edge_index,6,local_0,2,local_1,6,persistent_0,2,persistent_1,6,face_0,3,face_1,4,manifold,true
v10_edge,branch,frozen_main,stage,after_merge_frozen,edge_index,7,local_0,4,local_1,5,persistent_0,4,persistent_1,5,face_0,10,face_1,11,manifold,true
v10_edge,branch,frozen_main,stage,after_merge_frozen,edge_index,8,local_0,4,local_1,6,persistent_0,4,persistent_1,6,face_0,3,face_1,10,manifold,true
v10_edge,branch,frozen_main,stage,after_merge_frozen,edge_index,9,local_0,3,local_1,7,persistent_0,3,persistent_1,7,face_0,6,face_1,9,manifold,true
v10_edge,branch,frozen_main,stage,after_merge_frozen,edge_index,10,local_0,1,local_1,9,persistent_0,1,persistent_1,9,face_0,0,face_1,13,manifold,true
v10_edge,branch,frozen_main,stage,after_merge_frozen,edge_index,11,local_0,5,local_1,6,persistent_0,5,persistent_1,6,face_0,4,face_1,10,manifold,true
v10_edge,branch,frozen_main,stage,after_merge_frozen,edge_index,12,local_0,4,local_1,7,persistent_0,4,persistent_1,7,face_0,7,face_1,11,manifold,true
v10_edge,branch,frozen_main,stage,after_merge_frozen,edge_index,13,local_0,2,local_1,9,persistent_0,2,persistent_1,9,face_0,2,face_1,0,manifold,true
v10_edge,branch,frozen_main,stage,after_merge_frozen,edge_index,14,local_0,5,local_1,7,persistent_0,5,persistent_1,7,face_0,9,face_1,11,manifold,true
v10_edge,branch,frozen_main,stage,after_merge_frozen,edge_index,15,local_0,3,local_1,9,persistent_0,3,persistent_1,9,face_0,6,face_1,13,manifold,true
v10_edge,branch,frozen_main,stage,after_merge_frozen,edge_index,16,local_0,4,local_1,9,persistent_0,4,persistent_1,9,face_0,2,face_1,7,manifold,true
v10_edge,branch,frozen_main,stage,after_merge_frozen,edge_index,17,local_0,7,local_1,9,persistent_0,7,persistent_1,9,face_0,6,face_1,7,manifold,true
v10_material,branch,frozen_main,stage,after_merge_frozen,material_point_id,101,host_0,2,host_1,1,host_2,9,barycentric_0,0.5,barycentric_1,0.23333333333333325,barycentric_2,0.26666666666666672,fiber_x,1,fiber_y,0,fiber_z,0
v10_material,branch,frozen_main,stage,after_merge_frozen,material_point_id,205,host_0,3,host_1,9,host_2,1,barycentric_0,0.35000000000000009,barycentric_1,0.53333333333333333,barycentric_2,0.11666666666666659,fiber_x,1,fiber_y,0,fiber_z,0
v10_event,branch,candidate_discovery,action_id,split_original_0_1,parent_action_id,root,operation,edge_split,input_local_0,0,input_local_1,1,before_revision,0,after_revision,1,new_local_id,8,new_persistent_id,8,minimum_fiber_alignment,1,maximum_rebind_error,1.1102230246251565e-16
v10_event,branch,candidate_1,action_id,split_original_0_1,parent_action_id,root,operation,edge_split,input_local_0,0,input_local_1,1,before_revision,0,after_revision,1,new_local_id,8,new_persistent_id,8,minimum_fiber_alignment,1,maximum_rebind_error,1.1102230246251565e-16
v10_candidate,candidate_id,1,local_0,0,local_1,8,persistent_0,0,persistent_1,8,split_local,8,original_half_edge,true,can_be_merged,true,merge_succeeded,true,collapse_x,0,collapse_y,-0.75,collapse_z,0,machine_x,0,machine_y,-0.75,machine_z,0,analytic_residual,0,deleted_persistent_0,0,deleted_persistent_1,8,created_persistent,9,before_revision,1,after_revision,2,euler,2,all_edges_manifold,true,minimum_orientation_alignment,0.80860754006263991,minimum_quality,0.67047128034924286,centroid_jump,0.083736358374574119,area_jump,0.085080957923155662,volume_jump,0.125,axis_jump,1.1950150693478818e-16,active_energy_jump,4.8235612945336187e-15,recovery_position_error,inf,face_identity_recovered,false,recovery_area_error,0.085080957923155662,recovery_volume_error,0.125,recovery_centroid_error,0.083736358374574119,recovery_axis_error,0,recovery_energy_error,0,minimum_fiber_alignment,1,maximum_rebind_error,5.5511151231257827e-17,topology_legal,true,geometric_inverse,false
v10_event,branch,candidate_1,action_id,merge_candidate_1,parent_action_id,split_original_0_1,operation,edge_merge,input_local_0,0,input_local_1,8,before_revision,1,after_revision,2,created_persistent_id,9
v10_event,branch,candidate_2,action_id,split_original_0_1,parent_action_id,root,operation,edge_split,i[DEBUG-v10-midpoint] failed: v10 one eligible candidate failed its real merge audit
nput_local_0,0,input_local_1,1,before_revision,0,after_revision,1,new_local_id,8,new_persistent_id,8,minimum_fiber_alignment,1,maximum_rebind_error,1.1102230246251565e-16
v10_candidate,candidate_id,2,local_0,1,local_1,8,persistent_0,1,persistent_1,8,split_local,8,original_half_edge,true,can_be_merged,true,merge_succeeded,true,collapse_x,0,collapse_y,-2.25,collapse_z,0,machine_x,0,machine_y,-2.25,machine_z,0,analytic_residual,0,deleted_persistent_0,1,deleted_persistent_1,8,created_persistent,9,before_revision,1,after_revision,2,euler,2,all_edges_manifold,true,minimum_orientation_alignment,0.80860754006263991,minimum_quality,0.67047128034924286,centroid_jump,0.07688357487656082,area_jump,0.08288768176610295,volume_jump,0.083333333333333329,axis_jump,0,active_energy_jump,0,recovery_position_error,inf,face_identity_recovered,false,recovery_area_error,0.08288768176610295,recovery_volume_error,0.083333333333333329,recovery_centroid_error,0.07688357487656082,recovery_axis_error,1.1950150693478818e-16,recovery_energy_error,4.8235612945336187e-15,minimum_fiber_alignment,1,maximum_rebind_error,5.5511151231257827e-17,topology_legal,true,geometric_inverse,false
v10_event,branch,candidate_2,action_id,merge_candidate_2,parent_action_id,split_original_0_1,operation,edge_merge,input_local_0,1,input_local_1,8,before_revision,1,after_revision,2,created_persistent_id,9
v10_event,branch,candidate_3,action_id,split_original_0_1,parent_action_id,root,operation,edge_split,input_local_0,0,input_local_1,1,before_revision,0,after_revision,1,new_local_id,8,new_persistent_id,8,minimum_fiber_alignment,1,maximum_rebind_error,1.1102230246251565e-16
v10_candidate,candidate_id,3,local_0,2,local_1,8,persistent_0,2,persistent_1,8,original_half_edge,false,can_be_merged,true,merge_succeeded,false,collapse_x,-0.5,collapse_y,-1.5,collapse_z,0,topology_legal,false,geometric_inverse,false,exception,material point cannot be rebound within the configured distance: id=101; distance=0.047434164902525666
v10_event,branch,candidate_4,action_id,split_original_0_1,parent_action_id,root,operation,edge_split,input_local_0,0,input_local_1,1,before_revision,0,after_revision,1,new_local_id,8,new_persistent_id,8,minimum_fiber_alignment,1,maximum_rebind_error,1.1102230246251565e-16
v10_candidate,candidate_id,4,local_0,3,local_1,8,persistent_0,3,persistent_1,8,split_local,8,original_half_edge,false,can_be_merged,true,merge_succeeded,true,collapse_x,0.5,collapse_y,-1.5,collapse_z,0,machine_x,0.5,machine_y,-1.5,machine_z,0,analytic_residual,0,deleted_persistent_0,3,deleted_persistent_1,8,created_persistent,9,before_revision,1,after_revision,2,euler,2,all_edges_manifold,true,minimum_orientation_alignment,0.87167173692536004,minimum_quality,0.67047128034924286,centroid_jump,0.051382942741460415,area_jump,0.061487133941784823,volume_jump,0.125,axis_jump,1.1950150693478818e-16,active_energy_jump,4.8235612945336187e-15,recovery_position_error,inf,face_identity_recovered,false,recovery_area_error,0.061487133941784823,recovery_volume_error,0.125,recovery_centroid_error,0.051382942741460429,recovery_axis_error,0,recovery_energy_error,0,minimum_fiber_alignment,1,maximum_rebind_error,1.1102230246251565e-16,topology_legal,true,geometric_inverse,false
v10_event,branch,candidate_4,action_id,merge_candidate_4,parent_action_id,split_original_0_1,operation,edge_merge,input_local_0,3,input_local_1,8,before_revision,1,after_revision,2,created_persistent_id,9
